Microsoft (R) Macro Assembler (x64) Version 14.12.25835.0   03/26/18 12:17:48
main.asm						     Page 1 - 1




				ExitProcess proto

 00000000			.data
 00000000 10			val1 BYTE 10h
 00000001 8000			val2 WORD 8000h
 00000003 0000FFFF		val3 DWORD 0FFFFh
 00000007 7FFF			val4 WORD 7FFFh


 00000000			.code
 00000000			main proc
 00000000  66| 83 05			add val2,1
	   00000001 R 01
 00000008  66| 83 05			add val4,1
	   00000007 R 01

 00000010  66| B8 7FF0			mov ax,7FF0h
 00000014  04 10			add al,10h ; a. CF = SF = ZF = OF =
 00000016  80 C4 01			add ah,1 ; b. CF = SF = ZF = OF =
 00000019  66| 83 C0 02			add ax,2 ; c. CF = SF = ZF = OF =

 0000001D  E8 00000000 E	   call ExitProcess

 00000022			main endp
				end
Microsoft (R) Macro Assembler (x64) Version 14.12.25835.0   03/26/18 12:17:48
main.asm						     Symbols 2 - 1




Procedures, parameters, and locals:

                N a m e                 Type     Value    Attr

ExitProcess  . . . . . . . . . .	P 	 00000000 Length= 00000000 External
main . . . . . . . . . . . . . .	P 	 00000000 _TEXT	Length= 00000022 Public


Symbols:

                N a m e                 Type     Value    Attr

val1 . . . . . . . . . . . . . .	Byte	 00000000 _DATA	
val2 . . . . . . . . . . . . . .	Word	 00000001 _DATA	
val3 . . . . . . . . . . . . . .	DWord	 00000003 _DATA	
val4 . . . . . . . . . . . . . .	Word	 00000007 _DATA	

	   0 Warnings
	   0 Errors
