Microsoft (R) Macro Assembler (x64) Version 14.12.25835.0   03/26/18 11:36:15
..\..\..\Irvine\Irvine\ch03\AddTwoSum_64.asm		     Page 1 - 1


				; AddTwoSum_64.asm - Chapter 3 example.

				ExitProcess proto

 00000000			.data


 00000000			.code
 00000000			main proc
 00000000  B8 00000005			mov	  eax,5
 00000005  BB 00000006			mov   ebx,6
 0000000A  B9 00000004			mov   ecx,4
 0000000F  BA 00000005			mov   edx,5
					
 00000014  03 C3			add eax,ebx
					
 00000016  03 CA			add ecx,edx
 00000018  2B C1			sub eax,ecx

 0000001A  E8 00000000 E		call  ExitProcess
 0000001F			main endp
				end
Microsoft (R) Macro Assembler (x64) Version 14.12.25835.0   03/26/18 11:36:15
..\..\..\Irvine\Irvine\ch03\AddTwoSum_64.asm		     Symbols 2 - 1




Procedures, parameters, and locals:

                N a m e                 Type     Value    Attr

ExitProcess  . . . . . . . . . .	P 	 00000000 Length= 00000000 External
main . . . . . . . . . . . . . .	P 	 00000000 _TEXT	Length= 0000001F Public

	   0 Warnings
	   0 Errors
